// Jest Snapshot v1, https://goo.gl/fbAQLP

exports[`<CusBox /> should match snapshot 1`] = `null`;
