// Jest Snapshot v1, https://goo.gl/fbAQLP

exports[`<Card /> should match snapshot 1`] = `
<View
  style={
    Array [
      Object {
        "display": "flex",
      },
      Array [
        Object {},
      ],
    ]
  }
/>
`;
