// Jest Snapshot v1, https://goo.gl/fbAQLP


exports[`<GridView /> should match snapshot 1`] = `null`;
