// Jest Snapshot v1, https://goo.gl/fbAQLP

exports[`<CusText /> should match snapshot 1`] = `null`;
